Non-interactive session detected: Defaulting to STRICT mode.
Mode: STRICT
Using /project/requirements.txt
This may take a few minutes...
[strict] Installing abind==1.4-8 ...
[strict] Installing aod==1.3.3 ...
[strict] Installing askpass==1.2.1 ...
[strict] Installing assertthat==0.2.1 ...
[strict] Installing backports==1.5.0 ...
[strict] Installing base64enc==0.1-3 ...
[strict] Installing bit==4.6.0 ...
[strict] Installing bit64==4.6.0-1 ...
[strict] Installing blob==1.2.4 ...
[strict] Installing boot==1.3-31 ...
[strict] Installing broom==1.0.9 ...
[strict] Installing bslib==0.9.0 ...
[strict] Installing cachem==1.1.0 ...
[strict] Installing callr==3.7.6 ...
[strict] Installing car==3.1-3 ...
[strict] Installing carData==3.0-5 ...
[strict] Installing caret==7.0-1 ...
[strict] Installing cellranger==1.1.0 ...
[strict] Installing class==7.3-23 ...
[strict] Installing cli==3.6.5 ...
[strict] Installing clipr==0.8.0 ...
[strict] Installing clock==0.7.3 ...
[strict] Installing codetools==0.2-20 ...
[strict] Installing conflicted==1.2.0 ...
[strict] Installing corrplot==0.95 ...
[strict] Installing cowplot==1.2.0 ...
[strict] Installing cpp11==0.5.2 ...
[strict] Installing crayon==1.5.3 ...
[strict] Installing curl==6.4.0 ...
[strict] Installing data.table==1.17.8 ...
[strict] Installing DBI==1.2.3 ...
[strict] Installing dbplyr==2.5.0 ...
[strict] Installing Deriv==4.2.0 ...
[strict] Installing diagram==1.6.5 ...
[strict] Installing digest==0.6.37 ...
[strict] Installing doBy==4.7.0 ...
[strict] Installing dplyr==1.1.4 ...
[strict] Installing dreamerr==1.5.0 ...
[strict] Installing dtplyr==1.3.1 ...
[strict] Installing e1071==1.7-16 ...
[strict] Installing evaluate==1.0.4 ...
[strict] Installing farver==2.1.2 ...
[strict] Installing fastmap==1.2.0 ...
[strict] Installing fixest==0.12.1 ...
[strict] Installing fontawesome==0.5.3 ...
[strict] Installing forcats==1.0.0 ...
[strict] Installing foreach==1.5.2 ...
[strict] Installing foreign==0.8-88 ...
[strict] Installing Formula==1.2-5 ...
[strict] Installing fs==1.6.6 ...
[strict] Installing future==1.67.0 ...
[strict] Installing future.apply==1.20.0 ...
[strict] Installing gargle==1.5.2 ...
[strict] Installing generics==0.1.4 ...
[strict] Installing ggplot2==3.5.2 ...
[strict] Installing ggpubr==0.6.1 ...
[strict] Installing ggrepel==0.9.6 ...
[strict] Installing ggsci==3.2.0 ...
[strict] Installing ggsignif==0.6.4 ...
[strict] Installing globals==0.18.0 ...
[strict] Installing glue==1.8.0 ...
[strict] Installing googledrive==2.1.1 ...
[strict] Installing googlesheets4==1.1.1 ...
[strict] Installing gower==1.0.2 ...
[strict] Installing gridExtra==2.3 ...
[strict] Installing gtable==0.3.6 ...
[strict] Installing hardhat==1.4.1 ...
[strict] Installing haven==2.5.5 ...
[strict] Installing highr==0.11 ...
[strict] Installing hms==1.1.3 ...
[strict] Installing htmltools==0.5.8.1 ...
[strict] Installing httr==1.4.7 ...
[strict] Installing ids==1.0.1 ...
[strict] Installing ipred==0.9-15 ...
[strict] Installing isoband==0.2.7 ...
[strict] Installing iterators==1.0.14 ...
[strict] Installing ivreg==0.6-5 ...
[strict] Installing janitor==2.2.1 ...
[strict] Installing jquerylib==0.1.4 ...
[strict] Installing jsonlite==2.0.0 ...
[strict] Installing kableExtra==1.4.0 ...
[strict] Installing KernSmooth==2.23-26 ...
[strict] Installing knitr==1.50 ...
[strict] Installing labeling==0.4.3 ...
[strict] Installing latex2exp==0.9.6 ...
[strict] Installing lattice==0.22-6 ...
[strict] Installing lava==1.8.1 ...
[strict] Installing lfe==3.1.1 ...
[strict] Installing lifecycle==1.0.4 ...
[strict] Installing listenv==0.9.1 ...
[strict] Installing lme4==1.1-37 ...
[strict] Installing lmtest==0.9-40 ...
[strict] Installing lubridate==1.9.4 ...
[strict] Installing magrittr==2.0.3 ...
[strict] Installing MASS==7.3-64 ...
[strict] Installing Matrix==1.7-2 ...
[strict] Installing MatrixModels==0.5-4 ...
[strict] Installing memoise==2.0.1 ...
[strict] Installing mgcv==1.9-1 ...
[strict] Installing microbenchmark==1.5.0 ...
[strict] Installing mime==0.13 ...
[strict] Installing minqa==1.2.8 ...
[strict] Installing mltools==0.3.5 ...
[strict] Installing ModelMetrics==1.2.2.2 ...
[strict] Installing modelr==0.1.11 ...
[strict] Installing mvtnorm==1.3-3 ...
[strict] Installing nlme==3.1-167 ...
[strict] Installing nloptr==2.2.1 ...
[strict] Installing nnet==7.3-20 ...
[strict] Installing numDeriv==2016.8-1.1 ...
[strict] Installing openssl==2.3.3 ...
[strict] Installing parallelly==1.45.1 ...
[strict] Installing pbkrtest==0.5.5 ...
[strict] Installing pillar==1.11.0 ...
[strict] Installing pkgconfig==2.0.3 ...
[strict] Installing plyr==1.8.9 ...
[strict] Installing polynom==1.4-1 ...
[strict] Installing prettyunits==1.2.0 ...
[strict] Installing pROC==1.19.0.1 ...
[strict] Installing processx==3.8.6 ...
[strict] Installing prodlim==2025.04.28 ...
[strict] Installing progress==1.2.3 ...
[strict] Installing progressr==0.15.1 ...
[strict] Installing proxy==0.4-27 ...
[strict] Installing ps==1.9.1 ...
[strict] Installing purrr==1.1.0 ...
[strict] Installing quantreg==6.1 ...
[strict] Installing R6==2.6.1 ...
[strict] Installing ragg==1.4.0 ...
[strict] Installing rappdirs==0.3.3 ...
[strict] Installing rbibutils==2.3 ...
[strict] Installing RColorBrewer==1.1-3 ...
[strict] Installing Rcpp==1.1.0 ...
[strict] Installing RcppEigen==0.3.4.0.2 ...
[strict] Installing Rdpack==2.6.4 ...
[strict] Installing readr==2.1.5 ...
[strict] Installing readxl==1.4.5 ...
[strict] Installing recipes==1.3.1 ...
[strict] Installing reformulas==0.4.1 ...
[strict] Installing rematch==2.0.0 ...
[strict] Installing rematch2==2.1.2 ...
[strict] Installing reprex==2.1.1 ...
[strict] Installing reshape2==1.4.4 ...
[strict] Installing rlang==1.1.6 ...
[strict] Installing rmarkdown==2.29 ...
[strict] Installing rpart==4.1.24 ...
[strict] Installing rstatix==0.7.2 ...
[strict] Installing rstudioapi==0.17.1 ...
[strict] Installing rvest==1.0.4 ...
[strict] Installing sandwich==3.1-1 ...
[strict] Installing sass==0.4.10 ...
[strict] Installing scales==1.4.0 ...
[strict] Installing selectr==0.4-2 ...
[strict] Installing shape==1.4.6.1 ...
[strict] Installing snakecase==0.11.1 ...
[strict] Installing SparseM==1.84-2 ...
[strict] Installing sparsevctrs==0.3.4 ...
[strict] Installing SQUAREM==2021.1 ...
[strict] Installing stargazer==5.2.3 ...
[strict] Installing stringi==1.8.7 ...
[strict] Installing stringmagic==1.2.0 ...
[strict] Installing stringr==1.5.1 ...
[strict] Installing survival==3.8-3 ...
[strict] Installing svglite==2.2.1 ...
[strict] Installing sys==3.4.3 ...
[strict] Installing systemfit==1.1-30 ...
[strict] Installing systemfonts==1.2.3 ...
[strict] Installing textshaping==1.0.1 ...
[strict] Installing tibble==3.3.0 ...
[strict] Installing tidyr==1.3.1 ...
[strict] Installing tidyselect==1.2.1 ...
[strict] Installing tidyverse==2.0.0 ...
[strict] Installing timechange==0.3.0 ...
[strict] Installing timeDate==4041.110 ...
[strict] Installing tinytex==0.57 ...
[strict] Installing tzdb==0.5.0 ...
[strict] Installing utf8==1.2.6 ...
[strict] Installing uuid==1.2-1 ...
[strict] Installing vctrs==0.6.5 ...
[strict] Installing viridisLite==0.4.2 ...
[strict] Installing vroom==1.6.5 ...
[strict] Installing withr==3.0.2 ...
[strict] Installing xfun==0.52 ...
[strict] Installing xml2==1.3.8 ...
[strict] Installing xtable==1.8-4 ...
[strict] Installing yaml==2.3.10 ...
[strict] Installing zoo==1.8-14 ...

----- Environment Summary -----
R version: 4.5.1
  - abind 1.4.8
  - aod 1.3.3
  - askpass 1.2.1
  - assertthat 0.2.1
  - backports 1.5.0
  - base64enc 0.1.3
  - bit 4.6.0
  - bit64 4.6.0.1
  - blob 1.2.4
  - boot 1.3.31
  - broom 1.0.9
  - bslib 0.9.0
  - cachem 1.1.0
  - callr 3.7.6
  - car 3.1.3
  - carData 3.0.5
  - caret 7.0.1
  - cellranger 1.1.0
  - class 7.3.23
  - cli 3.6.5
  - clipr 0.8.0
  - clock 0.7.3
  - codetools 0.2.20
  - conflicted 1.2.0
  - corrplot 0.95
  - cowplot 1.2.0
  - cpp11 0.5.2
  - crayon 1.5.3
  - curl 6.4.0
  - data.table 1.17.8
  - DBI 1.2.3
  - dbplyr 2.5.0
  - Deriv 4.2.0
  - diagram 1.6.5
  - digest 0.6.37
  - doBy 4.7.0
  - dplyr 1.1.4
  - dreamerr 1.5.0
  - dtplyr 1.3.1
  - e1071 1.7.16
  - evaluate 1.0.4
  - farver 2.1.2
  - fastmap 1.2.0
  - fixest 0.12.1
  - fontawesome 0.5.3
  - forcats 1.0.0
  - foreach 1.5.2
  - foreign 0.8.88
  - Formula 1.2.5
  - fs 1.6.6
  - future 1.67.0
  - future.apply 1.20.0
  - gargle 1.5.2
  - generics 0.1.4
  - ggplot2 3.5.2
  - ggpubr 0.6.1
  - ggrepel 0.9.6
  - ggsci 3.2.0
  - ggsignif 0.6.4
  - globals 0.18.0
  - glue 1.8.0
  - googledrive 2.1.1
  - googlesheets4 1.1.1
  - gower 1.0.2
  - gridExtra 2.3
  - gtable 0.3.6
  - hardhat 1.4.1
  - haven 2.5.5
  - highr 0.11
  - hms 1.1.3
  - htmltools 0.5.8.1
  - httr 1.4.7
  - ids 1.0.1
  - ipred 0.9.15
  - isoband 0.2.7
  - iterators 1.0.14
  - ivreg 0.6.5
  - janitor 2.2.1
  - jquerylib 0.1.4
  - jsonlite 2.0.0
  - kableExtra 1.4.0
  - KernSmooth 2.23.26
  - knitr 1.50
  - labeling 0.4.3
  - latex2exp 0.9.6
  - lattice 0.22.6
  - lava 1.8.1
Registered S3 method overwritten by 'lfe':
  method    from 
  nobs.felm broom
  - lfe 3.1.1
  - lifecycle 1.0.4
  - listenv 0.9.1
  - lme4 1.1.37
  - lmtest 0.9.40
  - lubridate 1.9.4
  - magrittr 2.0.3
  - MASS 7.3.64
  - Matrix 1.7.2
  - MatrixModels 0.5.4
  - memoise 2.0.1
  - mgcv 1.9.1
  - microbenchmark 1.5.0
  - mime 0.13
  - minqa 1.2.8
  - mltools 0.3.5
  - ModelMetrics 1.2.2.2
  - modelr 0.1.11
  - mvtnorm 1.3.3
  - nlme 3.1.167
  - nloptr 2.2.1
  - nnet 7.3.20
  - numDeriv 2016.8.1.1
  - openssl 2.3.3
  - parallelly 1.45.1
  - pbkrtest 0.5.5
  - pillar 1.11.0
  - pkgconfig 2.0.3
  - plyr 1.8.9
  - polynom 1.4.1
  - prettyunits 1.2.0
  - pROC 1.19.0.1
  - processx 3.8.6
  - prodlim 2025.4.28
  - progress 1.2.3
  - progressr 0.15.1
  - proxy 0.4.27
  - ps 1.9.1
  - purrr 1.1.0
  - quantreg 6.1
  - R6 2.6.1
  - ragg 1.4.0
  - rappdirs 0.3.3
  - rbibutils 2.3
  - RColorBrewer 1.1.3
  - Rcpp 1.1.0
  - RcppEigen 0.3.4.0.2
  - Rdpack 2.6.4
  - readr 2.1.5
  - readxl 1.4.5
  - recipes 1.3.1
  - reformulas 0.4.1
  - rematch 2.0.0
  - rematch2 2.1.2
  - reprex 2.1.1
  - reshape2 1.4.4
  - rlang 1.1.6
  - rmarkdown 2.29
  - rpart 4.1.24
  - rstatix 0.7.2
  - rstudioapi 0.17.1
  - rvest 1.0.4
  - sandwich 3.1.1
  - sass 0.4.10
  - scales 1.4.0
  - selectr 0.4.2
  - shape 1.4.6.1
  - snakecase 0.11.1
  - SparseM 1.84.2
  - sparsevctrs 0.3.4
  - SQUAREM 2021.1
  - stargazer 5.2.3
  - stringi 1.8.7
  - stringmagic 1.2.0
  - stringr 1.5.1
  - survival 3.8.3
  - svglite 2.2.1
  - sys 3.4.3
  - systemfit 1.1.30
  - systemfonts 1.2.3
  - textshaping 1.0.1
  - tibble 3.3.0
  - tidyr 1.3.1
  - tidyselect 1.2.1
  - tidyverse 2.0.0
  - timechange 0.3.0
  - timeDate 4041.110
  - tinytex 0.57
  - tzdb 0.5.0
  - utf8 1.2.6
  - uuid 1.2.1
  - vctrs 0.6.5
  - viridisLite 0.4.2
  - vroom 1.6.5
  - withr 3.0.2
  - xfun 0.52
  - xml2 1.3.8
  - xtable 1.8.4
  - yaml 2.3.10
  - zoo 1.8.14
--------------------------------

Attaching package: ‘dplyr’

The following objects are masked from ‘package:stats’:

    filter, lag

The following objects are masked from ‘package:base’:

    intersect, setdiff, setequal, union

Loading required package: Matrix
Loading required package: nlme

Attaching package: ‘nlme’

The following object is masked from ‘package:dplyr’:

    collapse

This is mgcv 1.9-1. For overview type 'help("mgcv-package")'.
Loading required package: ggplot2
Loading required package: lattice
Loading required package: car
Loading required package: carData

Attaching package: ‘car’

The following object is masked from ‘package:dplyr’:

    recode

Loading required package: lmtest
Loading required package: zoo

Attaching package: ‘zoo’

The following objects are masked from ‘package:base’:

    as.Date, as.Date.numeric


Attaching package: ‘lmtest’

The following object is masked from ‘package:lfe’:

    waldtest


Please cite the 'systemfit' package as:
Arne Henningsen and Jeff D. Hamann (2007). systemfit: A Package for Estimating Systems of Simultaneous Equations in R. Journal of Statistical Software 23(4), 1-40. http://www.jstatsoft.org/v23/i04/.

If you have questions, suggestions, or comments regarding the 'systemfit' package, please use a forum or 'tracker' at systemfit's R-Forge site:
https://r-forge.r-project.org/projects/systemfit/

Attaching package: ‘aod’

The following object is masked from ‘package:mgcv’:

    negbin


Attaching package: ‘data.table’

The following objects are masked from ‘package:zoo’:

    yearmon, yearqtr

The following objects are masked from ‘package:dplyr’:

    between, first, last


Attaching package: ‘kableExtra’

The following object is masked from ‘package:dplyr’:

    group_rows


Please cite as: 

 Hlavac, Marek (2022). stargazer: Well-Formatted Regression and Summary Statistics Tables.
 R package version 5.2.3. https://CRAN.R-project.org/package=stargazer 

Estimating Wald
... doing manual Wald test
Estimating Wald
[1] "ADH analysis results (multiple NCOs):"


==============  =======
Method          P-value
==============  =======
F-test          <0.01  
Bonf.           <0.01  
GAM             1      
GAM (Smooth C)  1      
==============  =======
[1] "ADH analysis results (single NCO -- lagged outcome):"


===================  =======
Method               P-value
===================  =======
single_linear_model  0.594  
===================  =======
[1] "ADH p-value for falsfication test with single linear model without controls: 0.004"
Warning message:
executing %dopar% sequentially: no parallel backend registered 

Attaching package: ‘fixest’

The following object is masked from ‘package:lfe’:

    fepois

The variable 'ch1_mod2mix_all_test' has been removed because of collinearity (see $collin.var).
The variable 'ch1_mod2mix_all_test' has been removed because of collinearity (see $collin.var).
[1] "Deming analysis results"


=======  =======  ==================
lottery  lott_VA  method            
=======  =======  ==================
0.648    <0.01    F                 
0.101    <0.01    bonf              
1        <0.01    GAM               
1        <0.01    GAM (smooth cntrl)
=======  =======  ==================
There were 50 or more warnings (use warnings() to see the first 50)

Attaching package: ‘MASS’

The following object is masked from ‘package:dplyr’:

    select



===========  ============  ============  =====  =====  =====  =====
\            FALSE         TRUE          FALSE  TRUE   FALSE  TRUE 
===========  ============  ============  =====  =====  =====  =====
Addis Ababa  0.034, <0.01  0.284, 0.104  <0.01  0.017  <0.01  1    
London       0.544, 0.441  0.268, 0.226  <0.01  0.411  <0.01  1    
Mexico       0.542, 0.234  0.974, 0.778  <0.01  0.745  <0.01  0.994
Tokyo        0.762, 0.47   0.889, 0.827  0.215  0.786  <0.01  0.994
===========  ============  ============  =====  =====  =====  =====
Warning messages:
1: In add_header_above(., c(` ` = 1, `IV Adj.` = 2, `IV Adj.` = 2,  :
  Please specify format in kable. kableExtra can customize either HTML or LaTeX outputs. See https://haozhu233.github.io/kableExtra/ for details.
2: In add_header_above(., c(` ` = 1, `Seperate (lin, quad)` = 2, Wald = 2,  :
  Please specify format in kable. kableExtra can customize either HTML or LaTeX outputs. See https://haozhu233.github.io/kableExtra/ for details.


================  ==========  ============
\                 No IV adj.  With IV adj.
================  ==========  ============
Bonf.             0.071       0.636       
F-test            0.013       0.138       
Wald (CL robust)  0.04        0.286       
GAM (Wald)        <0.01       <0.01       
GAM (Anova)       <0.01       <0.01       
================  ==========  ============
── Attaching core tidyverse packages ──────────────────────── tidyverse 2.0.0 ──
✔ forcats   1.0.0     ✔ tibble    3.3.0
✔ lubridate 1.9.4     ✔ tidyr     1.3.1
✔ purrr     1.1.0     
── Conflicts ────────────────────────────────────────── tidyverse_conflicts() ──
✖ purrr::accumulate()      masks foreach::accumulate()
✖ data.table::between()    masks dplyr::between()
✖ nlme::collapse()         masks dplyr::collapse()
✖ tidyr::expand()          masks Matrix::expand()
✖ dplyr::filter()          masks stats::filter()
✖ data.table::first()      masks dplyr::first()
✖ kableExtra::group_rows() masks dplyr::group_rows()
✖ lubridate::hour()        masks data.table::hour()
✖ lubridate::isoweek()     masks data.table::isoweek()
✖ dplyr::lag()             masks stats::lag()
✖ data.table::last()       masks dplyr::last()
✖ purrr::lift()            masks caret::lift()
✖ lubridate::mday()        masks data.table::mday()
✖ lubridate::minute()      masks data.table::minute()
✖ lubridate::month()       masks data.table::month()
✖ tidyr::pack()            masks Matrix::pack()
✖ lubridate::quarter()     masks data.table::quarter()
✖ car::recode()            masks dplyr::recode()
✖ tidyr::replace_na()      masks mltools::replace_na()
✖ lubridate::second()      masks data.table::second()
✖ MASS::select()           masks dplyr::select()
✖ purrr::some()            masks car::some()
✖ purrr::transpose()       masks data.table::transpose()
✖ tidyr::unpack()          masks Matrix::unpack()
✖ lubridate::wday()        masks data.table::wday()
✖ lubridate::week()        masks data.table::week()
✖ purrr::when()            masks foreach::when()
✖ lubridate::yday()        masks data.table::yday()
✖ lubridate::year()        masks data.table::year()
ℹ Use the conflicted package (<http://conflicted.r-lib.org/>) to force all conflicts to become errors

Attaching package: ‘janitor’

The following objects are masked from ‘package:stats’:

    chisq.test, fisher.test

Rows: 140 Columns: 15
── Column specification ────────────────────────────────────────────────────────
Delimiter: ","
chr (6): journal, paper_name, Treatment Variable, Outcome Variable, Instrume...
dbl (2): seqid, nc_count

lgl (7): is_falsification, 
falsification_type_nco
, test_type_po, falsifica...

ℹ Use `spec()` to retrieve the full column specification for this data.
ℹ Specify the column types or set `show_col_types = FALSE` to quiet this message.


Verified Successfully at: 2025-11-30 20:32:10.001852